MPLINK 5.09, LINKER
Linker Map File - Created Fri Dec  6 15:24:40 2019

                                 Section Info
                  Section       Type    Address   Location Size(Bytes)
                ---------  ---------  ---------  ---------  ---------
                   .org_0       code   0x000000    program   0x000004
                   .cinit    romdata   0x000004    program   0x000002
                   .org_1       code   0x000008    program   0x000004
                   .org_2       code   0x000018    program   0x000004
                   .org_3       code   0x001020    program   0x0001ea
.config_300005_BUILD/DEFAULT/DEBUG/LAB.O    romdata   0x300005    program   0x000001



                              Program Memory Usage 
                               Start         End      
                           ---------   ---------      
                            0x000000    0x000005      
                            0x000008    0x00000b      
                            0x000018    0x00001b      
                            0x001020    0x001209      
                            0x300005    0x300005      
            505 out of 33048 program addresses used, program memory utilization is 1%



                              Symbols - Sorted by Name
                     Name    Address   Location    Storage File                     
                ---------  ---------  ---------  --------- ---------                
                    START   0x001020    program     static /Users/shuaizhang/Desktop/Preparatory/Microcontroller/Lab/Lab4/Lab4.X/lab.asm
                 high_bit   0x00116c    program     static /Users/shuaizhang/Desktop/Preparatory/Microcontroller/Lab/Lab4/Lab4.X/lab.asm
                 init_ADC   0x001088    program     static /Users/shuaizhang/Desktop/Preparatory/Microcontroller/Lab/Lab4/Lab4.X/lab.asm
                 init_FIR   0x0010aa    program     static /Users/shuaizhang/Desktop/Preparatory/Microcontroller/Lab/Lab4/Lab4.X/lab.asm
                 init_FSR   0x001188    program     static /Users/shuaizhang/Desktop/Preparatory/Microcontroller/Lab/Lab4/Lab4.X/lab.asm
                 init_PWM   0x00109c    program     static /Users/shuaizhang/Desktop/Preparatory/Microcontroller/Lab/Lab4/Lab4.X/lab.asm
                init_chip   0x001042    program     static /Users/shuaizhang/Desktop/Preparatory/Microcontroller/Lab/Lab4/Lab4.X/lab.asm
               init_timer   0x001076    program     static /Users/shuaizhang/Desktop/Preparatory/Microcontroller/Lab/Lab4/Lab4.X/lab.asm
                inter_ADC   0x0011d2    program     static /Users/shuaizhang/Desktop/Preparatory/Microcontroller/Lab/Lab4/Lab4.X/lab.asm
               inter_high   0x0011ce    program     static /Users/shuaizhang/Desktop/Preparatory/Microcontroller/Lab/Lab4/Lab4.X/lab.asm
                inter_low   0x001206    program     static /Users/shuaizhang/Desktop/Preparatory/Microcontroller/Lab/Lab4/Lab4.X/lab.asm
               inter_tmr0   0x0011f8    program     static /Users/shuaizhang/Desktop/Preparatory/Microcontroller/Lab/Lab4/Lab4.X/lab.asm
                  low_bit   0x00117a    program     static /Users/shuaizhang/Desktop/Preparatory/Microcontroller/Lab/Lab4/Lab4.X/lab.asm
                     main   0x00103a    program     static /Users/shuaizhang/Desktop/Preparatory/Microcontroller/Lab/Lab4/Lab4.X/lab.asm
                 max_duty   0x0011c8    program     static /Users/shuaizhang/Desktop/Preparatory/Microcontroller/Lab/Lab4/Lab4.X/lab.asm
          negative_detect   0x00115a    program     static /Users/shuaizhang/Desktop/Preparatory/Microcontroller/Lab/Lab4/Lab4.X/lab.asm
          operation_after   0x001106    program     static /Users/shuaizhang/Desktop/Preparatory/Microcontroller/Lab/Lab4/Lab4.X/lab.asm
         operation_before   0x0010ea    program     static /Users/shuaizhang/Desktop/Preparatory/Microcontroller/Lab/Lab4/Lab4.X/lab.asm
refresh_input_buffer_after   0x0011ae    program     static /Users/shuaizhang/Desktop/Preparatory/Microcontroller/Lab/Lab4/Lab4.X/lab.asm
refresh_input_buffer_before   0x001192    program     static /Users/shuaizhang/Desktop/Preparatory/Microcontroller/Lab/Lab4/Lab4.X/lab.asm
              second_term   0x001126    program     static /Users/shuaizhang/Desktop/Preparatory/Microcontroller/Lab/Lab4/Lab4.X/lab.asm
              subtraction   0x001142    program     static /Users/shuaizhang/Desktop/Preparatory/Microcontroller/Lab/Lab4/Lab4.X/lab.asm



                              Symbols - Sorted by Address
                     Name    Address   Location    Storage File                     
                ---------  ---------  ---------  --------- ---------                
                    START   0x001020    program     static /Users/shuaizhang/Desktop/Preparatory/Microcontroller/Lab/Lab4/Lab4.X/lab.asm
                     main   0x00103a    program     static /Users/shuaizhang/Desktop/Preparatory/Microcontroller/Lab/Lab4/Lab4.X/lab.asm
                init_chip   0x001042    program     static /Users/shuaizhang/Desktop/Preparatory/Microcontroller/Lab/Lab4/Lab4.X/lab.asm
               init_timer   0x001076    program     static /Users/shuaizhang/Desktop/Preparatory/Microcontroller/Lab/Lab4/Lab4.X/lab.asm
                 init_ADC   0x001088    program     static /Users/shuaizhang/Desktop/Preparatory/Microcontroller/Lab/Lab4/Lab4.X/lab.asm
                 init_PWM   0x00109c    program     static /Users/shuaizhang/Desktop/Preparatory/Microcontroller/Lab/Lab4/Lab4.X/lab.asm
                 init_FIR   0x0010aa    program     static /Users/shuaizhang/Desktop/Preparatory/Microcontroller/Lab/Lab4/Lab4.X/lab.asm
         operation_before   0x0010ea    program     static /Users/shuaizhang/Desktop/Preparatory/Microcontroller/Lab/Lab4/Lab4.X/lab.asm
          operation_after   0x001106    program     static /Users/shuaizhang/Desktop/Preparatory/Microcontroller/Lab/Lab4/Lab4.X/lab.asm
              second_term   0x001126    program     static /Users/shuaizhang/Desktop/Preparatory/Microcontroller/Lab/Lab4/Lab4.X/lab.asm
              subtraction   0x001142    program     static /Users/shuaizhang/Desktop/Preparatory/Microcontroller/Lab/Lab4/Lab4.X/lab.asm
          negative_detect   0x00115a    program     static /Users/shuaizhang/Desktop/Preparatory/Microcontroller/Lab/Lab4/Lab4.X/lab.asm
                 high_bit   0x00116c    program     static /Users/shuaizhang/Desktop/Preparatory/Microcontroller/Lab/Lab4/Lab4.X/lab.asm
                  low_bit   0x00117a    program     static /Users/shuaizhang/Desktop/Preparatory/Microcontroller/Lab/Lab4/Lab4.X/lab.asm
                 init_FSR   0x001188    program     static /Users/shuaizhang/Desktop/Preparatory/Microcontroller/Lab/Lab4/Lab4.X/lab.asm
refresh_input_buffer_before   0x001192    program     static /Users/shuaizhang/Desktop/Preparatory/Microcontroller/Lab/Lab4/Lab4.X/lab.asm
refresh_input_buffer_after   0x0011ae    program     static /Users/shuaizhang/Desktop/Preparatory/Microcontroller/Lab/Lab4/Lab4.X/lab.asm
                 max_duty   0x0011c8    program     static /Users/shuaizhang/Desktop/Preparatory/Microcontroller/Lab/Lab4/Lab4.X/lab.asm
               inter_high   0x0011ce    program     static /Users/shuaizhang/Desktop/Preparatory/Microcontroller/Lab/Lab4/Lab4.X/lab.asm
                inter_ADC   0x0011d2    program     static /Users/shuaizhang/Desktop/Preparatory/Microcontroller/Lab/Lab4/Lab4.X/lab.asm
               inter_tmr0   0x0011f8    program     static /Users/shuaizhang/Desktop/Preparatory/Microcontroller/Lab/Lab4/Lab4.X/lab.asm
                inter_low   0x001206    program     static /Users/shuaizhang/Desktop/Preparatory/Microcontroller/Lab/Lab4/Lab4.X/lab.asm


